{
   "Customized_Namespace": "default",
   "Develop": false,
   "Transwarp_Install_ID": "",
   "instance_list": [
      {
         "annotations": {
            "application_name": "tdcmilano",
            "application_type": "TDCMILANO"
         },
         "configs": {
            "filebeat_cpu_limit": 1,
            "filebeat_cpu_request": 0.10000000000000001,
            "filebeat_memory_limit": 2,
            "filebeat_memory_request": 1
         },
         "dependencies": [
            {
               "moduleName": "kafka",
               "name": "kafka"
            }
         ],
         "instance_settings": { },
         "moduleName": "filebeat",
         "name": "tdcmilano-filebeat",
         "version": "1.1"
      },
      {
         "annotations": {
            "application_name": "tdcmilano",
            "application_type": "TDCMILANO"
         },
         "configs": {
            "logstash_cpu_limit": 1,
            "logstash_cpu_request": 0.10000000000000001,
            "logstash_memory_limit": 2,
            "logstash_memory_request": 1
         },
         "dependencies": [
            {
               "moduleName": "kafka",
               "name": "kafka"
            },
            {
               "moduleName": "elasticsearch",
               "name": "elasticsearch"
            }
         ],
         "instance_settings": { },
         "moduleName": "logstash",
         "name": "tdcmilano-logstash",
         "version": "1.1"
      },
      {
         "annotations": {
            "application_name": "tdcmilano",
            "application_type": "TDCMILANO"
         },
         "configs": {
            "milano_portal_cpu_limit": 1,
            "milano_portal_cpu_request": 0.10000000000000001,
            "milano_portal_memory_limit": 2,
            "milano_portal_memory_request": 1
         },
         "instance_settings": { },
         "moduleName": "milano-portal",
         "name": "tdcmilano-milano-portal",
         "version": "1.1"
      }
   ],
   "instance_settings": { },
   "version": ""
}
