{
   "Customized_Namespace": "default",
   "Develop": false,
   "Transwarp_Install_ID": "",
   "instance_list": [
      {
         "annotations": {
            "application_name": "ignitor1",
            "application_type": "IGNITOR",
            "use_wormhole": "true"
         },
         "configs": {
            "ignitor_cpu_limit": 1,
            "ignitor_cpu_request": 0.10000000000000001,
            "ignitor_memory_limit": 4,
            "ignitor_memory_request": 1
         },
         "dependencies": [
            {
               "moduleName": "txsql",
               "name": "txsql"
            },
            {
               "moduleName": "ockle",
               "name": "ockle"
            },
            {
               "moduleName": "simmail",
               "name": "simmail"
            },
            {
               "moduleName": "wormhole",
               "name": "wormhole"
            }
         ],
         "instance_settings": { },
         "moduleName": "ignitor",
         "name": "ignitor1-ignitor",
         "version": "1.1"
      }
   ],
   "instance_settings": { },
   "version": ""
}
