{
   "Customized_Namespace": "default",
   "Develop": false,
   "TCU": {
      "redis": {
         "c": 0.5,
         "m": 1,
         "s": 1
      }
   },
   "Transwarp_Install_ID": "",
   "instance_list": [
      {
         "annotations": {
            "application_name": "redis1",
            "application_type": "REDIS"
         },
         "configs": {
            "redis_cpu_limit": 2,
            "redis_cpu_request": 2,
            "redis_memory_limit": 4,
            "redis_memory_request": 4
         },
         "instance_settings": { },
         "moduleName": "redis",
         "name": "redis1-redis",
         "version": "5.0"
      }
   ],
   "instance_settings": { },
   "version": ""
}
