{
   "application-instance_list.json": {
      "apiVersion": "v1",
      "items": [
         {
            "apiVersion": "apps/v1beta1",
            "kind": "ApplicationInstance",
            "metadata": {
               "annotations": {
                  "application_name": "hdfs1",
                  "application_type": "HDFS",
                  "user_defined_field": 1
               },
               "labels": {
                  "app.role": "ClusterApp",
                  "transwarp.install": "",
                  "transwarp.name": "zookeeper"
               },
               "name": "hdfs1-zookeeper",
               "namespace": "default"
            },
            "spec": {
               "applicationRef": {
                  "name": "zookeeper",
                  "version": "1.0"
               },
               "configs": "{\"Transwarp_Auto_Injected_Volumes\": [{\"kind\": \"Secret\", \"selector\": {\"transwarp.keytab\": \"clus-11-hdfs-1-0-1c4b-zookeeper\"}, \"volumeName\": \"keytab\"}], \"zk_cpu_limit\": 2, \"zk_cpu_request\": 0.5, \"zk_memory_limit\": 4, \"zk_memory_request\": 2, \"zk_storage_config\": {\"accessModes\": [\"ReadWriteOnce\"], \"limits\": {\"blkio.throttle.read_iops_device\": 100, \"blkio.throttle.write_iops_device\": 200}, \"size\": \"100Gi\", \"storageClass\": \"silver\"}}"
            }
         },
         {
            "apiVersion": "apps/v1beta1",
            "kind": "ApplicationInstance",
            "metadata": {
               "annotations": {
                  "application_name": "hdfs1",
                  "application_type": "HDFS",
                  "user_defined_field": 1
               },
               "labels": {
                  "transwarp.install": "",
                  "transwarp.name": "hdfs"
               },
               "name": "hdfs1-hdfs",
               "namespace": "default"
            },
            "spec": {
               "applicationRef": {
                  "name": "hdfs",
                  "version": "1.0"
               },
               "configs": "{\"Transwarp_Auto_Injected_Volumes\": [{\"kind\": \"Secret\", \"selector\": {\"transwarp.keytab\": \"clus-11-hdfs-1-0-1c4b-hdfs\"}, \"volumeName\": \"keytab\"}], \"hdfs_data_cpu_limit\": 2, \"hdfs_data_cpu_request\": 0.5, \"hdfs_data_memory_limit\": 4, \"hdfs_data_memory_request\": 2, \"hdfs_data_storage\": {\"accessModes\": [\"ReadWriteOnce\"], \"limits\": { }, \"size\": \"400Gi\", \"storageClass\": \"silver\"}, \"hdfs_data_tmp_storage\": {\"accessMode\": \"ReadWriteOnce\", \"limits\": { }, \"size\": \"100Gi\", \"storageClass\": \"silver\"}, \"hdfs_httpfs_cpu_limit\": 2, \"hdfs_httpfs_cpu_request\": 0.5, \"hdfs_httpfs_memory_limit\": 4, \"hdfs_httpfs_memory_request\": 2, \"hdfs_journal_cpu_limit\": 2, \"hdfs_journal_cpu_request\": 0.5, \"hdfs_journal_memory_limit\": 4, \"hdfs_journal_memory_request\": 2, \"hdfs_name_cpu_limit\": 4, \"hdfs_name_cpu_request\": 2, \"hdfs_name_data_storage\": {\"accessModes\": [\"ReadWriteOnce\"], \"limits\": { }, \"size\": \"400Gi\", \"storageClass\": \"silver\"}, \"hdfs_name_memory_limit\": 16, \"hdfs_name_memory_request\": 8, \"hdfs_name_tmp_storage\": {\"accessMode\": \"ReadWriteOnce\", \"limits\": { }, \"size\": \"100Gi\", \"storageClass\": \"silver\"}, \"hdfs_zkfc_cpu_limit\": 4, \"hdfs_zkfc_cpu_request\": 2, \"hdfs_zkfc_memory_limit\": 16, \"hdfs_zkfc_memory_request\": 8, \"zk_cpu_limit\": 10}",
               "dependencies": [
                  {
                     "dependencyRef": {
                        "name": "hdfs1-zookeeper",
                        "namespace": "default"
                     },
                     "name": "zookeeper"
                  }
               ]
            }
         }
      ],
      "kind": "List"
   }
}
