{
   "Customized_Namespace": "default",
   "Develop": false,
   "Transwarp_Install_ID": "",
   "instance_list": [
      {
         "annotations": {
            "application_name": "harbor1",
            "application_type": "HARBOR"
         },
         "configs": {
            "harbor_cpu_limit": 2,
            "harbor_cpu_request": 0.10000000000000001,
            "harbor_memory_limit": 4,
            "harbor_memory_request": 1
         },
         "instance_settings": { },
         "moduleName": "harbor",
         "name": "harbor1-harbor",
         "version": "2.6"
      }
   ],
   "instance_settings": { },
   "version": ""
}
