{
   "Customized_Namespace": "default",
   "Develop": false,
   "Transwarp_Install_ID": "",
   "instance_list": [
      {
         "annotations": {
            "application_name": "zipkin",
            "application_type": "ZIPKIN"
         },
         "configs": { },
         "instance_settings": { },
         "moduleName": "zipkin",
         "name": "zipkin-zipkin",
         "version": "1.0"
      }
   ],
   "instance_settings": { },
   "version": ""
}
