{
   "Customized_Namespace": "default",
   "Develop": false,
   "TCU": {
      "tcc": {
         "c": 0.5,
         "m": 0.5,
         "s": 0.5
      }
   },
   "Transwarp_Install_ID": "",
   "instance_list": [
      {
         "annotations": {
            "application_name": "tcc1",
            "application_type": "TCC"
         },
         "configs": {
            "tcc_cpu_limit": 1,
            "tcc_cpu_request": 1,
            "tcc_memory_limit": 4,
            "tcc_memory_request": 4
         },
         "dependencies": [
            {
               "moduleName": "txsql",
               "name": "txsql"
            },
            {
               "moduleName": "ticket",
               "name": "ticket"
            },
            {
               "moduleName": "guardian",
               "name": "guardian"
            },
            {
               "moduleName": "cas",
               "name": "cas"
            }
         ],
         "instance_settings": { },
         "moduleName": "tcc",
         "name": "tcc1-tcc",
         "version": "1.0"
      }
   ],
   "instance_settings": { },
   "version": ""
}
