{
   "Customized_Namespace": "default",
   "Develop": false,
   "TCU": {
      "terminal": {
         "c": 0.25,
         "m": 0.5,
         "s": 0.5
      }
   },
   "Transwarp_Install_ID": "",
   "instance_list": [
      {
         "annotations": {
            "application_name": "terminal1",
            "application_type": "TERMINAL",
            "use_hdfs": "true",
            "use_hyperbase": "true",
            "use_inceptor": "true",
            "use_search": "true",
            "use_yarn": "true"
         },
         "configs": {
            "terminal_cpu_limit": 1,
            "terminal_cpu_request": 1,
            "terminal_memory_limit": 2,
            "terminal_memory_request": 2
         },
         "dependencies": [
            {
               "moduleName": "elasticsearch",
               "name": "elasticsearch"
            },
            {
               "moduleName": "hdfs",
               "name": "hdfs"
            },
            {
               "moduleName": "hyperbase",
               "name": "hyperbase"
            },
            {
               "moduleName": "inceptor",
               "name": "inceptor"
            },
            {
               "moduleName": "metastore",
               "name": "metastore"
            },
            {
               "moduleName": "yarn",
               "name": "yarn"
            }
         ],
         "instance_settings": { },
         "moduleName": "terminal",
         "name": "terminal1-terminal",
         "version": "1.0"
      }
   ],
   "instance_settings": { },
   "version": ""
}
