{
   "Customized_Namespace": "default",
   "Develop": false,
   "TCU": {
      "ignitor": {
         "c": 0.5,
         "m": 0.5,
         "s": 0.5
      }
   },
   "Transwarp_Install_ID": "",
   "instance_list": [
      {
         "annotations": {
            "application_name": "ignitor1",
            "application_type": "IGNITOR"
         },
         "configs": {
            "ignitor_cpu_limit": 1,
            "ignitor_cpu_request": 1,
            "ignitor_memory_limit": 4,
            "ignitor_memory_request": 4
         },
         "dependencies": [
            {
               "moduleName": "txsql",
               "name": "txsql"
            },
            {
               "moduleName": "ockle",
               "name": "ockle"
            },
            {
               "moduleName": "simmail",
               "name": "simmail"
            }
         ],
         "instance_settings": { },
         "moduleName": "ignitor",
         "name": "ignitor1-ignitor",
         "version": "1.0"
      }
   ],
   "instance_settings": { },
   "version": ""
}
