{
   "Customized_Namespace": "default",
   "Develop": false,
   "Transwarp_Install_ID": "",
   "instance_list": [
      {
         "annotations": {
            "application_name": "kibana1",
            "application_type": "KIBANA",
            "use_search": "true"
         },
         "configs": {
            "kibana_cpu_limit": 1,
            "kibana_cpu_request": 0.10000000000000001,
            "kibana_memory_limit": 2,
            "kibana_memory_request": 1
         },
         "dependencies": [
            {
               "moduleName": "elasticsearch",
               "name": "elasticsearch"
            }
         ],
         "instance_settings": { },
         "moduleName": "kibana",
         "name": "kibana1-kibana",
         "version": "1.1"
      }
   ],
   "instance_settings": { },
   "version": ""
}
