{
   "Customized_Namespace": "default",
   "Develop": true,
   "TCU": {
      "metastore": {
         "c": 0.25,
         "m": 0.5,
         "s": 0.5
      },
      "slipstream": {
         "c": 0.75,
         "m": 1,
         "s": 1
      }
   },
   "Transwarp_Install_ID": "",
   "instance_list": [
      {
         "annotations": {
            "application_name": "slipstream1",
            "application_type": "SLIPSTREAM"
         },
         "configs": {
            "metastore_cpu_limit": 0.5,
            "metastore_cpu_request": 0.5,
            "metastore_memory_limit": 1,
            "metastore_memory_request": 1,
            "mysql_cpu_limit": 0.5,
            "mysql_cpu_request": 0.5,
            "mysql_memory_limit": 1,
            "mysql_memory_request": 1
         },
         "dependencies": [
            {
               "moduleName": "hdfs",
               "name": "hdfs"
            }
         ],
         "instance_settings": { },
         "moduleName": "metastore",
         "name": "slipstream1-metastore",
         "version": "1.0"
      },
      {
         "annotations": {
            "application_name": "slipstream1",
            "application_type": "SLIPSTREAM"
         },
         "configs": {
            "inceptor_executor_cpu_limit": 1,
            "inceptor_executor_cpu_request": 1,
            "inceptor_executor_memory_limit": 3,
            "inceptor_executor_memory_request": 3,
            "inceptor_master_cpu_limit": 1,
            "inceptor_master_cpu_request": 1,
            "inceptor_master_memory_limit": 3,
            "inceptor_master_memory_request": 3
         },
         "dependencies": [
            {
               "moduleName": "metastore",
               "name": "slipstream1-metastore"
            },
            {
               "moduleName": "hdfs",
               "name": "hdfs"
            },
            {
               "moduleName": "yarn",
               "name": "yarn"
            },
            {
               "moduleName": "zookeeper",
               "name": "zookeeper"
            }
         ],
         "instance_settings": { },
         "moduleName": "slipstream",
         "name": "slipstream1-slipstream",
         "version": "2.0"
      }
   ],
   "instance_settings": { },
   "version": ""
}
