{
   "Customized_Namespace": "default",
   "Develop": false,
   "Transwarp_Install_ID": "",
   "instance_list": [
      {
         "annotations": {
            "application_name": "rubik1",
            "application_type": "RUBIK"
         },
         "configs": {
            "notification_cpu_limit": 1,
            "notification_cpu_request": 0.10000000000000001,
            "notification_memory_limit": 2,
            "notification_memory_request": 1
         },
         "dependencies": [
            {
               "moduleName": "txsql",
               "name": "txsql"
            }
         ],
         "instance_settings": { },
         "moduleName": "notification",
         "name": "rubik1-notification",
         "version": "1.1"
      },
      {
         "annotations": {
            "application_name": "rubik1",
            "application_type": "RUBIK"
         },
         "configs": {
            "rubik_cpu_limit": 2,
            "rubik_cpu_request": 0.10000000000000001,
            "rubik_memory_limit": 4,
            "rubik_memory_request": 1
         },
         "dependencies": [
            {
               "moduleName": "inceptor",
               "name": "inceptor"
            },
            {
               "moduleName": "notification",
               "name": "rubik1-notification"
            },
            {
               "moduleName": "txsql",
               "name": "txsql"
            },
            {
               "moduleName": "workflow",
               "name": "workflow"
            }
         ],
         "instance_settings": { },
         "moduleName": "rubik",
         "name": "rubik1-rubik",
         "version": "1.1"
      }
   ],
   "instance_settings": { },
   "version": ""
}
