{
   "Customized_Namespace": "default",
   "Develop": false,
   "TCU": {
      "discover": {
         "c": 1,
         "m": 2,
         "s": 2
      },
      "localcran": {
         "c": 0.5,
         "m": 1,
         "s": 1
      }
   },
   "Transwarp_Install_ID": "",
   "instance_list": [
      {
         "annotations": {
            "application_name": "discover1",
            "application_type": "DISCOVER"
         },
         "configs": {
            "discover_cpu_limit": 4,
            "discover_cpu_request": 0.10000000000000001,
            "discover_memory_limit": 8,
            "discover_memory_request": 4
         },
         "dependencies": [
            {
               "moduleName": "hdfs",
               "name": "hdfs"
            },
            {
               "moduleName": "yarn",
               "name": "yarn"
            },
            {
               "moduleName": "localcran",
               "name": "discover1-localcran"
            }
         ],
         "instance_settings": { },
         "moduleName": "discover",
         "name": "discover1-discover",
         "version": "5.1"
      },
      {
         "annotations": {
            "application_name": "discover1",
            "application_type": "DISCOVER"
         },
         "configs": {
            "localcran_cpu_limit": 2,
            "localcran_cpu_request": 0.10000000000000001,
            "localcran_memory_limit": 4,
            "localcran_memory_request": 1
         },
         "instance_settings": { },
         "moduleName": "localcran",
         "name": "discover1-localcran",
         "version": "5.1"
      }
   ],
   "instance_settings": { },
   "version": ""
}
