{
   "Customized_Namespace": "default",
   "Develop": false,
   "TCU": {
      "sophon": {
         "c": 0.5,
         "m": 0.5,
         "s": 0.5
      }
   },
   "Transwarp_Install_ID": "",
   "instance_list": [
      {
         "annotations": {
            "application_name": "sophon1",
            "application_type": "SOPHON"
         },
         "configs": {
            "sophon_cpu_limit": 1,
            "sophon_cpu_request": 0.10000000000000001,
            "sophon_memory_limit": 4,
            "sophon_memory_request": 1
         },
         "dependencies": [
            {
               "moduleName": "hdfs",
               "name": "hdfs"
            },
            {
               "moduleName": "yarn",
               "name": "yarn"
            },
            {
               "moduleName": "zookeeper",
               "name": "zookeeper"
            },
            {
               "moduleName": "txsql",
               "name": "txsql"
            }
         ],
         "instance_settings": { },
         "moduleName": "sophon",
         "name": "sophon1-sophon",
         "version": "3.3"
      }
   ],
   "instance_settings": { },
   "version": ""
}
