{
   "Customized_Namespace": "default",
   "Develop": false,
   "Transwarp_Install_ID": "",
   "instance_list": [
      {
         "annotations": {
            "application_name": "diocles",
            "application_type": "DIOCLES"
         },
         "configs": {
            "diocles_cpu_limit": 1,
            "diocles_cpu_request": 0.10000000000000001,
            "diocles_memory_limit": 4,
            "diocles_memory_request": 1
         },
         "dependencies": [
            {
               "moduleName": "guardian-cas",
               "name": "guardian-cas"
            }
         ],
         "instance_settings": { },
         "moduleName": "diocles",
         "name": "diocles-diocles",
         "version": "1.2"
      }
   ],
   "instance_settings": { },
   "version": ""
}
