{
   "Customized_Namespace": "default",
   "Develop": false,
   "TCU": {
      "filerobot": {
         "c": 0.5,
         "m": 0.5,
         "s": 0.5
      },
      "pilot": {
         "c": 0.5,
         "m": 0.5,
         "s": 0.5
      }
   },
   "Transwarp_Install_ID": "",
   "instance_list": [
      {
         "annotations": {
            "application_name": "pilot1",
            "application_type": "PILOT"
         },
         "configs": {
            "filerobot_cpu_limit": 1,
            "filerobot_cpu_request": 1,
            "filerobot_memory_limit": 4,
            "filerobot_memory_request": 4
         },
         "instance_settings": { },
         "moduleName": "filerobot",
         "name": "pilot1-filerobot",
         "version": "1.0"
      },
      {
         "annotations": {
            "application_name": "pilot1",
            "application_type": "PILOT"
         },
         "configs": {
            "pilot_cpu_limit": 1,
            "pilot_cpu_request": 1,
            "pilot_memory_limit": 4,
            "pilot_memory_request": 4
         },
         "dependencies": [
            {
               "moduleName": "filerobot",
               "name": "pilot1-filerobot"
            },
            {
               "moduleName": "txsql",
               "name": "txsql"
            },
            {
               "moduleName": "hdfs",
               "name": "hdfs"
            }
         ],
         "instance_settings": { },
         "moduleName": "pilot",
         "name": "pilot1-pilot",
         "version": "1.0"
      }
   ],
   "instance_settings": { },
   "version": ""
}
