{
   "Customized_Namespace": "default",
   "Develop": false,
   "Transwarp_Install_ID": "",
   "instance_list": [
      {
         "annotations": {
            "application_name": "kong1",
            "application_type": "KONG"
         },
         "configs": {
            "kong_cpu_limit": 1,
            "kong_cpu_request": 0.10000000000000001,
            "kong_memory_limit": 1,
            "kong_memory_request": 1
         },
         "dependencies": [
            {
               "moduleName": "txsql",
               "name": "txsql"
            }
         ],
         "instance_settings": { },
         "moduleName": "kong",
         "name": "kong1-kong",
         "version": "1.1"
      },
      {
         "annotations": {
            "application_name": "kong1",
            "application_type": "KONG"
         },
         "configs": {
            "kong_dashboard_cpu_limit": 1,
            "kong_dashboard_cpu_request": 0.10000000000000001,
            "kong_dashboard_memory_limit": 1,
            "kong_dashboard_memory_request": 1
         },
         "dependencies": [
            {
               "moduleName": "kong",
               "name": "kong1-kong"
            }
         ],
         "instance_settings": { },
         "moduleName": "kong-dashboard",
         "name": "kong1-kong-dashboard",
         "version": "1.1"
      }
   ],
   "instance_settings": { },
   "version": ""
}
