{
   "Customized_Namespace": "default",
   "Develop": false,
   "Transwarp_Install_ID": "",
   "instance_list": [
      {
         "annotations": {
            "application_name": "ogg",
            "application_type": "OGG"
         },
         "configs": {
            "ogg_cpu_limit": 1,
            "ogg_cpu_request": 0.10000000000000001,
            "ogg_memory_limit": 4,
            "ogg_memory_request": 1,
            "ogg_tmp_storage": {
               "accessMode": "ReadWriteOnce",
               "limits": {
                  "blkio.throttle.read_iops_device": 0,
                  "blkio.throttle.write_iops_device": 0
               },
               "size": "256Gi",
               "storageClass": "silver"
            }
         },
         "dependencies": [
            {
               "moduleName": "hdfs",
               "name": "hdfs"
            },
            {
               "moduleName": "tdt",
               "name": "tdt"
            },
            {
               "moduleName": "txsql",
               "name": "txsql"
            }
         ],
         "instance_settings": { },
         "moduleName": "ogg",
         "name": "ogg-ogg",
         "version": "1.1"
      }
   ],
   "instance_settings": { },
   "version": ""
}
